[ 2026-05-20 19:13:52,122 ] 30 root - INFO - Loading trained model
[ 2026-05-20 19:13:52,122 ] 34 root - INFO - model loaded successfully
[ 2026-05-20 19:13:52,122 ] 36 root - INFO - loading preprocessor
[ 2026-05-20 19:13:52,122 ] 40 root - INFO - preprocessor loaded successfully
[ 2026-05-20 19:13:52,122 ] 48 root - INFO - Initializing SHAP explainer
[ 2026-05-20 19:13:52,122 ] 70 root - INFO - Detected tree-based model
[ 2026-05-20 19:13:52,122 ] 90 root - INFO - SHAP explainer initialized successfully
[ 2026-05-20 19:13:52,122 ] 40 root - INFO - Prediction pipeline started
[ 2026-05-20 19:13:52,154 ] 52 root - INFO - Starting churn prediction
[ 2026-05-20 19:13:52,154 ] 58 root - INFO - Input converted to dataframe
[ 2026-05-20 19:13:52,154 ] 31 root - INFO - Loading trained model
[ 2026-05-20 19:13:52,154 ] 35 root - INFO - Model loaded successfully
[ 2026-05-20 19:13:52,154 ] 37 root - INFO - Loading preprocessor
[ 2026-05-20 19:13:52,154 ] 41 root - INFO - Preprocessor loaded successfully
[ 2026-05-20 19:13:52,170 ] 68 root - INFO - Input data transformed successfully
[ 2026-05-20 19:13:52,170 ] 78 root - INFO - Prediction completed successfully
[ 2026-05-20 19:13:52,170 ] 56 root - INFO - Prediction completed successfully
[ 2026-05-20 19:13:52,170 ] 103 root - INFO - Starting SHAP explanation
[ 2026-05-20 19:13:52,170 ] 213 root - INFO - SHAP explanation completed successfully
[ 2026-05-20 19:13:52,170 ] 73 root - INFO - SHAP explanation completed successfully
[ 2026-05-20 19:13:52,170 ] 19 root - INFO - Starting recommendation generation
[ 2026-05-20 19:13:52,170 ] 52 root - INFO - Starting churn prediction
[ 2026-05-20 19:13:52,170 ] 58 root - INFO - Input converted to dataframe
[ 2026-05-20 19:13:52,170 ] 31 root - INFO - Loading trained model
[ 2026-05-20 19:13:52,170 ] 35 root - INFO - Model loaded successfully
[ 2026-05-20 19:13:52,170 ] 37 root - INFO - Loading preprocessor
[ 2026-05-20 19:13:52,186 ] 41 root - INFO - Preprocessor loaded successfully
[ 2026-05-20 19:13:52,186 ] 68 root - INFO - Input data transformed successfully
[ 2026-05-20 19:13:52,186 ] 78 root - INFO - Prediction completed successfully
[ 2026-05-20 19:13:52,186 ] 31 root - INFO - Churn_probability: 0.8093
[ 2026-05-20 19:13:52,186 ] 172 root - INFO - Recommandations generated successfully
[ 2026-05-20 19:13:52,186 ] 89 root - INFO - Recommendations generated successfully
[ 2026-05-20 19:13:52,186 ] 109 root - INFO - Prediction pipeline completed successfully
